Name	Centrality	Rank
F.Burkholderiaceae.02	21.2333		126
F.Erysipelotrichaceae.01	13.7107		125
F.Prevotellaceae.02	11.2373		124
Bifidobacterium.01	10.5057		123
Prevotella.03	7.58374		122
Atopobium.02	7.17026		121
C.Gammaproteobacteria.03	7.02645		120
Selenomonas.02	6.43093		119
TM7_genus_incertae_sedis.08	4.80032		118
Porphyromonas.01	4.6043		117
F.Enterobacteriaceae.01	4.24845		116
Atopobium.01	4.17576		115
Tannerella.01	3.95182		114
TM7_genus_incertae_sedis.02	3.52974		113
Mycoplasma.01	3.46756		112
F.Pseudomonadaceae.02	3.12316		111
TM7_genus_incertae_sedis.03	1.83219		110
Parvimonas.01	1.74434		109
O.Bacteroidales.02	1.73892		108
Catonella.01	1.69823		107
Neisseria.01	1.69807		106
TM7_genus_incertae_sedis.04	1.65669		105
Staphylococcus.01	1.35042		104
Bulleidia.01	0.906288		103
O.Clostridiales.05	0.893878		102
Actinomyces.02	0.89273		101
Dyella.01	0.890727		100
Peptostreptococcus.01	0.880539		99
Acinetobacter.02	0.842433		98
Porphyromonas.02	0.840363		97
F.Pseudomonadaceae.01	0.837204		96
F.Prevotellaceae.01	0.797848		95
Acinetobacter.01	0		94
Actinomyces.01	0		93
Alicyclobacillus.01	0		92
Anaerococcus.01	0		91
Anaerococcus.02	0		90
Burkholderia.01	0		89
C.Betaproteobacteria.01	0		88
C.Betaproteobacteria.02	0		87
C.Gammaproteobacteria.01	0		86
C.Gammaproteobacteria.02	0		85
C.Gammaproteobacteria.04	0		84
C.Gammaproteobacteria.05	0		83
C.Gammaproteobacteria.06	0		82
C.Gammaproteobacteria.07	0		81
C.Gammaproteobacteria.08	0		80
C.Gammaproteobacteria.09	0		79
C.Gammaproteobacteria.10	0		78
C.Gammaproteobacteria.11	0		77
Campylobacter.01	0		76
Capnocytophaga.01	0		75
Carnobacterium.01	0		74
Chryseobacterium.01	0		73
Corynebacterium.01	0		72
Corynebacterium.02	0		71
Dolosigranulum.01	0		70
Eubacterium.01	0		69
F.Alcaligenaceae.01	0		68
F.Burkholderiaceae.01	0		67
F.Carnobacteriaceae.01	0		66
F.Comamonadaceae.01	0		65
F.Comamonadaceae.02	0		64
F.Neisseriaceae.01	0		63
F.Pasteurellaceae.01	0		62
F.Pasteurellaceae.02	0		61
F.Prevotellaceae.03	0		60
F.Rhodocyclaceae.01	0		59
F.Xanthomonadaceae.01	0		58
Fusobacterium.01	0		57
Fusobacterium.02	0		56
Gemella.01	0		55
Gp2.01	0		54
Gp2.02	0		53
Lactobacillus.01	0		52
Marinobacter.01	0		51
Megasphaera.01	0		50
Metascardovia.01	0		49
Microbacterium.01	0		48
Mogibacterium.01	0		47
O.Actinomycetales.01	0		46
O.Actinomycetales.02	0		45
O.Actinomycetales.03	0		44
O.Actinomycetales.04	0		43
O.Bacteroidales.01	0		42
O.Burkholderiales.01	0		41
O.Clostridiales.01	0		40
O.Clostridiales.02	0		39
O.Clostridiales.03	0		38
O.Clostridiales.04	0		37
P.Firmicutes.01	0		36
Paracoccus.01	0		35
Parvimonas.02	0		34
Parvimonas.03	0		33
Peptoniphilus.01	0		32
Peptoniphilus.02	0		31
Peptoniphilus.03	0		30
Porphyromonas.03	0		29
Prevotella.01	0		28
Prevotella.02	0		27
Prevotella.04	0		26
Prevotella.05	0		25
Prevotella.06	0		24
Prevotella.07	0		23
Prevotella.08	0		22
Prevotella.09	0		21
Prevotella.10	0		20
Propionibacterium.01	0		19
Propionibacterium.02	0		18
Pseudomonas.01	0		17
Pseudomonas.02	0		16
Ralstonia.01	0		15
Rhizobium.01	0		14
Selenomonas.01	0		13
Selenomonas.03	0		12
Solobacterium.01	0		11
Streptococcus.01	0		10
Sulfuricurvum.01	0		9
TM7_genus_incertae_sedis.01	0		8
TM7_genus_incertae_sedis.05	0		7
TM7_genus_incertae_sedis.06	0		6
TM7_genus_incertae_sedis.07	0		5
Treponema.01	0		4
Tropheryma.01	0		3
Veillonella.01	0		2
Veillonella.02	0		1
